Símbolo         Valor Decimal   Valor Hexadecimal
-------         -------------   -----------------
STACK                   65408                FF80
IVET                    65470                FFBE
TIMDT                   65495                FFD7
INTS                    65496                FFD8
INTE                    65497                FFD9
TECST                   65498                FFDA
TECDT                   65499                FFDB
VISOR                   65500                FFDC
INI                         0                   0
MAIN                       38                  26
MAIN_LOOP                  38                  26
CALLFROZEN5SECONDS         55                  37
FROZEN5SECONDS             80                  50
FROZEN5SECONDS_END        112                  70
ANSWERKEYS                113                  71
ANSWERKEYS_NOT123         141                  8D
ANSWERKEYS_END            145                  91
TONEXTSTATE               146                  92
TONEXTSTATE_FROMWAIT      160                  A0
TONEXTSTATE_FROMWAIT_END      178                  B2
TONEXTSTATE_FROMSHOW      192                  C0
TONEXTSTATE_FROMSHOW_LAPMOD10      204                  CC
TONEXTSTATE_FROMSHOW_LAPMOD10_END      218                  DA
TONEXTSTATE_FROMSHOW_END      222                  DE
TONEXTSTATE_FROMFROZEN      222                  DE
TONEXTSTATE_FROMFROZEN_END      250                  FA
TONEXTSTATE_END           250                  FA
DISPLAYTIMERS             251                  FB
IFNEEDDISPLAYCSECTIMER      280                 118
IFNEEDDISPLAYCSECTIMER_END      302                 12E
DISPLAYCSECTIMER          303                 12F
DISPLAYSECTIMER           384                 180
DIV                       425                 1A9
DIV_LOOP                  441                 1B9
DIV_END                   453                 1C5
UINT2STR                  458                 1CA
UINT2STR_LOOP             482                 1E2
UINT2STR_END              542                 21E
CLEARDISPLAY              547                 223
MEMCPY                    570                 23A
MEMCPY_LOOP               582                 246
MEMCPY_END                598                 256
TECLADISPONIVEL           599                 257
TECLADISPONIVEL_1         619                 26B
GETTECLA                  626                 272
ISR                       665                 299
ISR1                      677                 2A5
ISR2                      697                 2B9
ISR_END                   717                 2CD
ISR_TEC                   730                 2DA
ISR_TEC_2                 778                 30A
ISR_TEC_END               782                 30E
ISR_TIM                   783                 30F
ISR_TIM_TOTAL             783                 30F
ISR_TIM_TOTAL_END         815                 32F
ISR_TIM_UPDATE_COUNTER      815                 32F
ISR_TIM_END               851                 353
ISR_UPDATE_COUNTER        852                 354
ISR_UPDATE_COUNTER_END      900                 384
RESET_VARS                901                 385
RESET_VAR                 960                 3C0
PTIN                      967                 3C7
PTOUT                     969                 3C9
TEC_BUFFER                971                 3CB
TICKS_TIL_SEC            1003                 3EB
MIN_SINCE_START          1005                 3ED
SEC_SINCE_START          1007                 3EF
TIME_SINCE_TEC           1009                 3F1
LAPS                     1021                 3FD
STATES                   1027                 403
C_UPDATE_COUNTER         1033                 409
C_UPDATE_VISOR           1035                 40B
S_WAIT                   1037                 40D
S_SHOW                   1039                 40F
S_FROZEN                 1041                 411
BASE_VISOR               1043                 413
TIMER_SEC_POSITION       1079                 437
TIMER_CSEC_POSITION      1085                 43D
TIMER_LAP_POSITION       1091                 443
