Símbolo         Valor Decimal   Valor Hexadecimal
-------         -------------   -----------------
STACK                   65408                FF80
IVET                    65470                FFBE
TIMDT                   65495                FFD7
INTS                    65496                FFD8
INTE                    65497                FFD9
TECST                   65498                FFDA
TECDT                   65499                FFDB
VISOR                   65500                FFDC
INI                         0                   0
MAIN                       40                  28
MAIN_LOOP                  40                  28
DISPLAYTIMERS              49                  31
TIMER_SEC_POSITION         90                  5A
DISPLAYCSECTIMER           96                  60
DISPLAYSECTIMER           167                  A7
CSEC2SECCSEC              208                  D0
SEC2MINSEC                233                  E9
DIV                       258                 102
DIV_LOOP                  274                 112
DIV_END                   286                 11E
UINT2STR_AUX              291                 123
UINT2STR                  295                 127
UINT2STR_LOOP             317                 13D
UINT2STR_END              377                 179
WAIT                      378                 17A
WAITLOOPR0                382                 17E
WAITLOOPR1                386                 182
BASE_VISOR                391                 187
CLEARDISPLAY              427                 1AB
MEMCPY                    450                 1C2
MEMCPY_LOOP               462                 1CE
MEMCPY_END                478                 1DE
ISR                       479                 1DF
ISR1                      491                 1EB
ISR2                      511                 1FF
ISR3                      531                 213
ISR_TEC                   544                 220
ISR_TEC_2                 592                 250
ISR_TEC_END               596                 254
ISR_TIM                   597                 255
ISR_TIM_TOTAL             597                 255
ISR_TIM_TOTAL_END         629                 275
ISR_TIM_UPDATE_COUNTER      629                 275
ISR_TIM_END               665                 299
ISR_UPDATE_COUNTER        666                 29A
ISR_UPDATE_COUNTER_END      714                 2CA
TICKS_TIL_SEC             715                 2CB
MIN_SINCE_START           717                 2CD
SEC_SINCE_START           719                 2CF
TIME_SINCE_TEC            721                 2D1
LAPS                      733                 2DD
STATES                    739                 2E3
C_UPDATE_COUNTER          745                 2E9
C_UPDATE_VISOR            747                 2EB
S_WAIT                    749                 2ED
S_SHOW                    751                 2EF
S_FROZEN                  753                 2F1
PTIN                      755                 2F3
PTOUT                     757                 2F5
TEC_BUFFER                759                 2F7
