Símbolo         Valor Decimal   Valor Hexadecimal
-------         -------------   -----------------
STACK                   65408                FF80
IVET                    65470                FFBE
INTS                    65496                FFD8
INTE                    65497                FFD9
TECST                   65498                FFDA
TECDT                   65499                FFDB
VISOR                   65500                FFDC
INI                         0                   0
MAIN                       28                  1C
MAIN_LOOP                  29                  1D
DISPLAYTIMERS              41                  29
DISPLAYSECTIMER            42                  2A
CSEC2SECCSEC               45                  2D
SEC2MINSEC                 70                  46
DIV                        95                  5F
DIV_LOOP                  111                  6F
DIV_END                   123                  7B
TAB10                     128                  80
UINT2STR                  136                  88
UINT2STR_LOOP             152                  98
UINT2STR_LOOPINTERNO      156                  9C
UINT2STR_EHMENOR          168                  A8
WAIT                      223                  DF
WAITLOOPR0                227                  E3
WAITLOOPR1                231                  E7
BASE_VISOR                236                  EC
CLEARDISPLAY              272                 110
MEMCPY                    295                 127
MEMCPY_LOOP               307                 133
MEMCPY_END                323                 143
TECLADISPONIVEL           324                 144
GETTECLA                  328                 148
TECLADISPONIVEL_2         332                 14C
TD_2_1                    352                 160
GETTECLA_2                359                 167
ISR                       398                 18E
ISR1                      410                 19A
ISR2                      430                 1AE
ISR3                      450                 1C2
ISR_TEC                   463                 1CF
ISR_TEC_2                 511                 1FF
ISR_TEC_END               515                 203
ISR_TIM                   516                 204
ISR_TIM_END               526                 20E
TICKCNT                   527                 20F
TICK                      529                 211
SEC_SINCE_START           531                 213
CS_SINCE_TEC              533                 215
LAPS                      539                 21B
MIN                       545                 221
SEC                       547                 223
SEC_CSEC                  549                 225
PTIN                      561                 231
PTOUT                     563                 233
TEC_BUFFER                565                 235
